------------------------------------------------------------
Timing Analyzer Summary
------------------------------------------------------------

Type  : Slow 1200mV 85C Model Setup 'divf:u1|clkl'
Slack : -1.824
TNS   : -65.799

Type  : Slow 1200mV 85C Model Setup 'clk'
Slack : -0.672
TNS   : -0.672

Type  : Slow 1200mV 85C Model Hold 'divf:u1|clkl'
Slack : 0.433
TNS   : 0.000

Type  : Slow 1200mV 85C Model Hold 'clk'
Slack : 0.577
TNS   : 0.000

Type  : Slow 1200mV 85C Model Minimum Pulse Width 'clk'
Slack : -3.000
TNS   : -4.403

Type  : Slow 1200mV 85C Model Minimum Pulse Width 'divf:u1|clkl'
Slack : -1.403
TNS   : -58.926

Type  : Slow 1200mV 0C Model Setup 'divf:u1|clkl'
Slack : -1.616
TNS   : -57.190

Type  : Slow 1200mV 0C Model Setup 'clk'
Slack : -0.493
TNS   : -0.493

Type  : Slow 1200mV 0C Model Hold 'divf:u1|clkl'
Slack : 0.396
TNS   : 0.000

Type  : Slow 1200mV 0C Model Hold 'clk'
Slack : 0.431
TNS   : 0.000

Type  : Slow 1200mV 0C Model Minimum Pulse Width 'clk'
Slack : -3.000
TNS   : -4.403

Type  : Slow 1200mV 0C Model Minimum Pulse Width 'divf:u1|clkl'
Slack : -1.403
TNS   : -58.926

Type  : Fast 1200mV 0C Model Setup 'divf:u1|clkl'
Slack : -0.208
TNS   : -4.125

Type  : Fast 1200mV 0C Model Setup 'clk'
Slack : -0.132
TNS   : -0.132

Type  : Fast 1200mV 0C Model Hold 'divf:u1|clkl'
Slack : 0.172
TNS   : 0.000

Type  : Fast 1200mV 0C Model Hold 'clk'
Slack : 0.357
TNS   : 0.000

Type  : Fast 1200mV 0C Model Minimum Pulse Width 'clk'
Slack : -3.000
TNS   : -4.078

Type  : Fast 1200mV 0C Model Minimum Pulse Width 'divf:u1|clkl'
Slack : -1.000
TNS   : -42.000

------------------------------------------------------------
